[LOAD] No existing TF-IDF features found in data/tfidf_depth1. Computing from scratch...              
-> data/toys_games.json.gz already exists. Skipping download.                                         
                                                                                                      
[ENCODE] TF-IDF encoding 317329 documents...                                                          
[ENCODE] TF-IDF done in 15.61s -> matrix (317329, 5000)                                               
                                                                                                      
[SAVE] TF-IDF matrix: (317329, 5000) -> data/tfidf_depth1                                             
[SAVE] Split indices: train=222130, test=95199 -> data/tfidf_depth1                                   
                                                                                                      
[LOAD] Loading split indices from data/tfidf_depth1                                                   
                                                                                                      
[TRAINING] Starting MLP training on TF-IDF features using device: cuda                                
                                                                                                      
[DATA INFO] 18 classes.                                                                               
['Action Figures & Statues' 'Arts & Crafts' 'Baby & Toddler Toys'                                     
 'Building Toys' 'Dolls & Accessories' 'Dress Up & Pretend Play'                                      
 'Electronics for Kids' 'Games' 'Grown-Up Toys' 'Hobbies'                                             
 'Learning & Education' 'Novelty & Gag Toys' 'Party Supplies' 'Puzzles'                               
 'Sports & Outdoor Play' 'Stuffed Animals & Plush'                                                    
 'Toy Remote Control & Play Vehicles' 'Tricycles, Scooters & Wagons']                                 
                                                                                                      
[DATA SPLIT] Train: 222130 samples, Val: 47599 samples, Test: 47600 samples                           

[EPOCH 01] train_loss=2.8995 val_loss=2.8467 val_acc=0.1538 epoch_time=0.96s total=0.96s *            
[EPOCH 02] train_loss=2.8470 val_loss=2.7950 val_acc=0.1991 epoch_time=0.03s total=0.99s *            
[EPOCH 03] train_loss=2.7953 val_loss=2.7390 val_acc=0.2187 epoch_time=0.03s total=1.02s *            
[EPOCH 04] train_loss=2.7395 val_loss=2.6803 val_acc=0.2294 epoch_time=0.03s total=1.06s *            
[EPOCH 05] train_loss=2.6813 val_loss=2.6243 val_acc=0.2408 epoch_time=0.03s total=1.09s *            
[EPOCH 06] train_loss=2.6260 val_loss=2.5771 val_acc=0.2809 epoch_time=0.03s total=1.12s *            
[EPOCH 07] train_loss=2.5793 val_loss=2.5412 val_acc=0.3440 epoch_time=0.03s total=1.15s *            
[EPOCH 08] train_loss=2.5445 val_loss=2.5091 val_acc=0.3190 epoch_time=0.03s total=1.18s *            
[EPOCH 09] train_loss=2.5136 val_loss=2.4706 val_acc=0.2730 epoch_time=0.03s total=1.21s *            
[EPOCH 10] train_loss=2.4758 val_loss=2.4227 val_acc=0.2525 epoch_time=0.03s total=1.24s *            
[EPOCH 11] train_loss=2.4285 val_loss=2.3682 val_acc=0.2532 epoch_time=0.03s total=1.27s *            
[EPOCH 12] train_loss=2.3743 val_loss=2.3118 val_acc=0.2743 epoch_time=0.03s total=1.30s *            
[EPOCH 13] train_loss=2.3186 val_loss=2.2555 val_acc=0.3241 epoch_time=0.03s total=1.33s *            
[EPOCH 14] train_loss=2.2619 val_loss=2.1989 val_acc=0.3933 epoch_time=0.03s total=1.36s *            
[EPOCH 15] train_loss=2.2060 val_loss=2.1402 val_acc=0.4635 epoch_time=0.03s total=1.39s *            
[EPOCH 16] train_loss=2.1484 val_loss=2.0777 val_acc=0.5201 epoch_time=0.03s total=1.42s *            
[EPOCH 17] train_loss=2.0867 val_loss=2.0112 val_acc=0.5579 epoch_time=0.03s total=1.45s *            
[EPOCH 18] train_loss=2.0222 val_loss=1.9421 val_acc=0.5778 epoch_time=0.03s total=1.48s *            
[EPOCH 19] train_loss=1.9544 val_loss=1.8725 val_acc=0.5877 epoch_time=0.03s total=1.51s *            
[EPOCH 20] train_loss=1.8866 val_loss=1.8045 val_acc=0.5936 epoch_time=0.03s total=1.54s *            
[EPOCH 21] train_loss=1.8210 val_loss=1.7391 val_acc=0.5987 epoch_time=0.03s total=1.57s *            
[EPOCH 22] train_loss=1.7584 val_loss=1.6768 val_acc=0.6045 epoch_time=0.03s total=1.60s *            
[EPOCH 23] train_loss=1.6993 val_loss=1.6173 val_acc=0.6118 epoch_time=0.03s total=1.63s *            
[EPOCH 24] train_loss=1.6431 val_loss=1.5607 val_acc=0.6208 epoch_time=0.03s total=1.66s *            
[EPOCH 25] train_loss=1.5885 val_loss=1.5077 val_acc=0.6330 epoch_time=0.03s total=1.69s *            
[EPOCH 26] train_loss=1.5387 val_loss=1.4596 val_acc=0.6433 epoch_time=0.03s total=1.72s *            
[EPOCH 27] train_loss=1.4932 val_loss=1.4171 val_acc=0.6530 epoch_time=0.03s total=1.75s *            
[EPOCH 28] train_loss=1.4544 val_loss=1.3794 val_acc=0.6597 epoch_time=0.03s total=1.78s *            
[EPOCH 29] train_loss=1.4176 val_loss=1.3455 val_acc=0.6635 epoch_time=0.03s total=1.81s *            
[EPOCH 30] train_loss=1.3857 val_loss=1.3149 val_acc=0.6661 epoch_time=0.03s total=1.84s *            
[EPOCH 31] train_loss=1.3567 val_loss=1.2880 val_acc=0.6672 epoch_time=0.03s total=1.87s *            
[EPOCH 32] train_loss=1.3309 val_loss=1.2650 val_acc=0.6687 epoch_time=0.03s total=1.90s *            
[EPOCH 33] train_loss=1.3081 val_loss=1.2452 val_acc=0.6701 epoch_time=0.03s total=1.93s *
[EPOCH 34] train_loss=1.2893 val_loss=1.2278 val_acc=0.6727 epoch_time=0.03s total=1.96s *            
[EPOCH 35] train_loss=1.2711 val_loss=1.2119 val_acc=0.6762 epoch_time=0.03s total=1.99s *            
[EPOCH 36] train_loss=1.2561 val_loss=1.1978 val_acc=0.6798 epoch_time=0.03s total=2.02s *            
[EPOCH 37] train_loss=1.2408 val_loss=1.1856 val_acc=0.6832 epoch_time=0.03s total=2.05s *            
[EPOCH 38] train_loss=1.2291 val_loss=1.1754 val_acc=0.6849 epoch_time=0.03s total=2.08s *            
[EPOCH 39] train_loss=1.2175 val_loss=1.1668 val_acc=0.6861 epoch_time=0.03s total=2.11s *            
[EPOCH 40] train_loss=1.2103 val_loss=1.1593 val_acc=0.6876 epoch_time=0.03s total=2.14s *            
[EPOCH 41] train_loss=1.2006 val_loss=1.1527 val_acc=0.6894 epoch_time=0.03s total=2.17s *            
[EPOCH 42] train_loss=1.1935 val_loss=1.1472 val_acc=0.6901 epoch_time=0.03s total=2.20s *            
[EPOCH 43] train_loss=1.1869 val_loss=1.1427 val_acc=0.6915 epoch_time=0.03s total=2.23s *            
[EPOCH 44] train_loss=1.1810 val_loss=1.1386 val_acc=0.6927 epoch_time=0.03s total=2.26s *            
[EPOCH 45] train_loss=1.1765 val_loss=1.1347 val_acc=0.6934 epoch_time=0.03s total=2.29s *            
[EPOCH 46] train_loss=1.1715 val_loss=1.1310 val_acc=0.6939 epoch_time=0.03s total=2.32s *            
[EPOCH 47] train_loss=1.1663 val_loss=1.1278 val_acc=0.6947 epoch_time=0.03s total=2.35s *            
[EPOCH 48] train_loss=1.1640 val_loss=1.1250 val_acc=0.6954 epoch_time=0.03s total=2.38s *            
[EPOCH 49] train_loss=1.1594 val_loss=1.1224 val_acc=0.6959 epoch_time=0.03s total=2.41s *            
[EPOCH 50] train_loss=1.1564 val_loss=1.1199 val_acc=0.6960 epoch_time=0.03s total=2.44s *            
[EPOCH 51] train_loss=1.1544 val_loss=1.1176 val_acc=0.6962 epoch_time=0.03s total=2.47s *            
[EPOCH 52] train_loss=1.1514 val_loss=1.1155 val_acc=0.6965 epoch_time=0.03s total=2.50s *            
[EPOCH 53] train_loss=1.1501 val_loss=1.1135 val_acc=0.6966 epoch_time=0.03s total=2.53s *            
[EPOCH 54] train_loss=1.1478 val_loss=1.1114 val_acc=0.6967 epoch_time=0.03s total=2.56s *            
[EPOCH 55] train_loss=1.1448 val_loss=1.1092 val_acc=0.6972 epoch_time=0.03s total=2.59s *            
[EPOCH 56] train_loss=1.1426 val_loss=1.1071 val_acc=0.6977 epoch_time=0.03s total=2.62s *            
[EPOCH 57] train_loss=1.1407 val_loss=1.1052 val_acc=0.6980 epoch_time=0.03s total=2.65s *            
[EPOCH 58] train_loss=1.1393 val_loss=1.1034 val_acc=0.6982 epoch_time=0.03s total=2.68s *            
[EPOCH 59] train_loss=1.1371 val_loss=1.1017 val_acc=0.6986 epoch_time=0.03s total=2.71s *            
[EPOCH 60] train_loss=1.1365 val_loss=1.1002 val_acc=0.6992 epoch_time=0.03s total=2.74s *            
[EPOCH 61] train_loss=1.1331 val_loss=1.0987 val_acc=0.6990 epoch_time=0.03s total=2.77s *            
[EPOCH 62] train_loss=1.1324 val_loss=1.0974 val_acc=0.6992 epoch_time=0.03s total=2.80s *            
[EPOCH 63] train_loss=1.1316 val_loss=1.0960 val_acc=0.6993 epoch_time=0.03s total=2.83s *            
[EPOCH 64] train_loss=1.1301 val_loss=1.0948 val_acc=0.6997 epoch_time=0.03s total=2.86s *            
[EPOCH 65] train_loss=1.1287 val_loss=1.0937 val_acc=0.7001 epoch_time=0.03s total=2.89s *            
[EPOCH 66] train_loss=1.1282 val_loss=1.0927 val_acc=0.7006 epoch_time=0.03s total=2.92s *            
[EPOCH 67] train_loss=1.1274 val_loss=1.0918 val_acc=0.7006 epoch_time=0.03s total=2.95s *            
[EPOCH 68] train_loss=1.1266 val_loss=1.0911 val_acc=0.7007 epoch_time=0.03s total=2.98s *            
[EPOCH 69] train_loss=1.1253 val_loss=1.0904 val_acc=0.7007 epoch_time=0.03s total=3.01s *            
[EPOCH 70] train_loss=1.1250 val_loss=1.0898 val_acc=0.7012 epoch_time=0.03s total=3.04s *            
[EPOCH 71] train_loss=1.1239 val_loss=1.0892 val_acc=0.7016 epoch_time=0.03s total=3.07s *            
[EPOCH 72] train_loss=1.1235 val_loss=1.0887 val_acc=0.7016 epoch_time=0.03s total=3.10s *            
[EPOCH 73] train_loss=1.1241 val_loss=1.0882 val_acc=0.7015 epoch_time=0.03s total=3.13s *            
[EPOCH 74] train_loss=1.1222 val_loss=1.0877 val_acc=0.7014 epoch_time=0.03s total=3.16s *            
[EPOCH 75] train_loss=1.1214 val_loss=1.0873 val_acc=0.7014 epoch_time=0.03s total=3.19s *            
[EPOCH 76] train_loss=1.1217 val_loss=1.0869 val_acc=0.7015 epoch_time=0.03s total=3.22s *            
[EPOCH 77] train_loss=1.1218 val_loss=1.0865 val_acc=0.7016 epoch_time=0.03s total=3.25s *            
[EPOCH 78] train_loss=1.1209 val_loss=1.0862 val_acc=0.7015 epoch_time=0.03s total=3.28s *            
[EPOCH 79] train_loss=1.1202 val_loss=1.0859 val_acc=0.7016 epoch_time=0.03s total=3.31s *            
[EPOCH 80] train_loss=1.1208 val_loss=1.0856 val_acc=0.7014 epoch_time=0.03s total=3.34s *            
[EPOCH 81] train_loss=1.1203 val_loss=1.0852 val_acc=0.7015 epoch_time=0.03s total=3.37s *            
[EPOCH 82] train_loss=1.1196 val_loss=1.0850 val_acc=0.7016 epoch_time=0.03s total=3.40s *            
[EPOCH 83] train_loss=1.1200 val_loss=1.0847 val_acc=0.7018 epoch_time=0.03s total=3.43s *            
[EPOCH 84] train_loss=1.1186 val_loss=1.0845 val_acc=0.7018 epoch_time=0.03s total=3.46s *            
[EPOCH 85] train_loss=1.1189 val_loss=1.0843 val_acc=0.7020 epoch_time=0.03s total=3.49s *            
[EPOCH 86] train_loss=1.1189 val_loss=1.0841 val_acc=0.7019 epoch_time=0.03s total=3.52s *            
[EPOCH 87] train_loss=1.1192 val_loss=1.0839 val_acc=0.7021 epoch_time=0.03s total=3.55s *            
[EPOCH 88] train_loss=1.1180 val_loss=1.0837 val_acc=0.7019 epoch_time=0.03s total=3.58s *            
[EPOCH 89] train_loss=1.1178 val_loss=1.0835 val_acc=0.7019 epoch_time=0.03s total=3.61s *            
[EPOCH 90] train_loss=1.1174 val_loss=1.0833 val_acc=0.7019 epoch_time=0.03s total=3.64s *            
[EPOCH 91] train_loss=1.1170 val_loss=1.0831 val_acc=0.7020 epoch_time=0.03s total=3.67s *
[EPOCH 92] train_loss=1.1168 val_loss=1.0829 val_acc=0.7021 epoch_time=0.03s total=3.70s *            
[EPOCH 93] train_loss=1.1170 val_loss=1.0828 val_acc=0.7021 epoch_time=0.03s total=3.73s *            
[EPOCH 94] train_loss=1.1169 val_loss=1.0826 val_acc=0.7023 epoch_time=0.03s total=3.76s *            
[EPOCH 95] train_loss=1.1165 val_loss=1.0824 val_acc=0.7022 epoch_time=0.03s total=3.79s *            
[EPOCH 96] train_loss=1.1165 val_loss=1.0822 val_acc=0.7021 epoch_time=0.03s total=3.82s *            
[EPOCH 97] train_loss=1.1154 val_loss=1.0819 val_acc=0.7020 epoch_time=0.03s total=3.85s *            
[EPOCH 98] train_loss=1.1154 val_loss=1.0818 val_acc=0.7021 epoch_time=0.03s total=3.88s *            
[EPOCH 99] train_loss=1.1163 val_loss=1.0816 val_acc=0.7021 epoch_time=0.03s total=3.91s *            
[EPOCH 100] train_loss=1.1154 val_loss=1.0814 val_acc=0.7020 epoch_time=0.03s total=3.94s *           
[EPOCH 101] train_loss=1.1151 val_loss=1.0812 val_acc=0.7020 epoch_time=0.03s total=3.97s *           
[EPOCH 102] train_loss=1.1145 val_loss=1.0810 val_acc=0.7021 epoch_time=0.03s total=4.00s *           
[EPOCH 103] train_loss=1.1153 val_loss=1.0808 val_acc=0.7020 epoch_time=0.03s total=4.03s *           
[EPOCH 104] train_loss=1.1145 val_loss=1.0807 val_acc=0.7020 epoch_time=0.03s total=4.06s *           
[EPOCH 105] train_loss=1.1142 val_loss=1.0805 val_acc=0.7022 epoch_time=0.03s total=4.09s *           
[EPOCH 106] train_loss=1.1147 val_loss=1.0804 val_acc=0.7025 epoch_time=0.03s total=4.12s *           
[EPOCH 107] train_loss=1.1142 val_loss=1.0802 val_acc=0.7025 epoch_time=0.03s total=4.15s *           
[EPOCH 108] train_loss=1.1143 val_loss=1.0800 val_acc=0.7022 epoch_time=0.03s total=4.18s *           
[EPOCH 109] train_loss=1.1145 val_loss=1.0799 val_acc=0.7023 epoch_time=0.03s total=4.21s *           
[EPOCH 110] train_loss=1.1136 val_loss=1.0797 val_acc=0.7025 epoch_time=0.03s total=4.24s *           
[EPOCH 111] train_loss=1.1133 val_loss=1.0795 val_acc=0.7025 epoch_time=0.03s total=4.27s *           
[EPOCH 112] train_loss=1.1127 val_loss=1.0792 val_acc=0.7024 epoch_time=0.03s total=4.30s *           
[EPOCH 113] train_loss=1.1135 val_loss=1.0791 val_acc=0.7022 epoch_time=0.03s total=4.33s *           
[EPOCH 114] train_loss=1.1123 val_loss=1.0789 val_acc=0.7023 epoch_time=0.03s total=4.36s *           
[EPOCH 115] train_loss=1.1124 val_loss=1.0787 val_acc=0.7023 epoch_time=0.03s total=4.39s *           
[EPOCH 116] train_loss=1.1122 val_loss=1.0784 val_acc=0.7025 epoch_time=0.03s total=4.42s *           
[EPOCH 117] train_loss=1.1111 val_loss=1.0782 val_acc=0.7027 epoch_time=0.03s total=4.45s *           
[EPOCH 118] train_loss=1.1115 val_loss=1.0779 val_acc=0.7029 epoch_time=0.03s total=4.48s *           
[EPOCH 119] train_loss=1.1111 val_loss=1.0777 val_acc=0.7029 epoch_time=0.03s total=4.51s *           
[EPOCH 120] train_loss=1.1106 val_loss=1.0775 val_acc=0.7030 epoch_time=0.03s total=4.54s *           
[EPOCH 121] train_loss=1.1111 val_loss=1.0773 val_acc=0.7031 epoch_time=0.03s total=4.57s *           
[EPOCH 122] train_loss=1.1101 val_loss=1.0772 val_acc=0.7029 epoch_time=0.03s total=4.60s *           
[EPOCH 123] train_loss=1.1106 val_loss=1.0770 val_acc=0.7030 epoch_time=0.03s total=4.63s *           
[EPOCH 124] train_loss=1.1099 val_loss=1.0768 val_acc=0.7031 epoch_time=0.03s total=4.66s *           
[EPOCH 125] train_loss=1.1104 val_loss=1.0767 val_acc=0.7030 epoch_time=0.03s total=4.69s *           
[EPOCH 126] train_loss=1.1104 val_loss=1.0765 val_acc=0.7031 epoch_time=0.03s total=4.72s *           
[EPOCH 127] train_loss=1.1099 val_loss=1.0765 val_acc=0.7033 epoch_time=0.03s total=4.75s             
[EPOCH 128] train_loss=1.1096 val_loss=1.0764 val_acc=0.7031 epoch_time=0.03s total=4.77s *           
[EPOCH 129] train_loss=1.1102 val_loss=1.0763 val_acc=0.7029 epoch_time=0.03s total=4.80s *           
[EPOCH 130] train_loss=1.1086 val_loss=1.0761 val_acc=0.7029 epoch_time=0.03s total=4.83s *           
[EPOCH 131] train_loss=1.1093 val_loss=1.0759 val_acc=0.7031 epoch_time=0.03s total=4.86s *           
[EPOCH 132] train_loss=1.1092 val_loss=1.0758 val_acc=0.7031 epoch_time=0.03s total=4.89s *           
[EPOCH 133] train_loss=1.1091 val_loss=1.0757 val_acc=0.7028 epoch_time=0.03s total=4.92s *           
[EPOCH 134] train_loss=1.1092 val_loss=1.0756 val_acc=0.7030 epoch_time=0.03s total=4.95s *           
[EPOCH 135] train_loss=1.1083 val_loss=1.0754 val_acc=0.7031 epoch_time=0.03s total=4.98s *           
[EPOCH 136] train_loss=1.1086 val_loss=1.0752 val_acc=0.7031 epoch_time=0.03s total=5.01s *           
[EPOCH 137] train_loss=1.1082 val_loss=1.0751 val_acc=0.7030 epoch_time=0.03s total=5.04s *           
[EPOCH 138] train_loss=1.1081 val_loss=1.0750 val_acc=0.7028 epoch_time=0.03s total=5.07s *           
[EPOCH 139] train_loss=1.1079 val_loss=1.0749 val_acc=0.7030 epoch_time=0.03s total=5.10s             
[EPOCH 140] train_loss=1.1078 val_loss=1.0748 val_acc=0.7031 epoch_time=0.03s total=5.13s *           
[EPOCH 141] train_loss=1.1077 val_loss=1.0747 val_acc=0.7033 epoch_time=0.03s total=5.16s *           
[EPOCH 142] train_loss=1.1069 val_loss=1.0745 val_acc=0.7034 epoch_time=0.03s total=5.19s *           
[EPOCH 143] train_loss=1.1078 val_loss=1.0744 val_acc=0.7034 epoch_time=0.03s total=5.22s             
[EPOCH 144] train_loss=1.1074 val_loss=1.0744 val_acc=0.7033 epoch_time=0.03s total=5.25s *           
[EPOCH 145] train_loss=1.1067 val_loss=1.0743 val_acc=0.7033 epoch_time=0.03s total=5.28s             
[EPOCH 146] train_loss=1.1057 val_loss=1.0742 val_acc=0.7031 epoch_time=0.03s total=5.31s *           
[EPOCH 147] train_loss=1.1068 val_loss=1.0741 val_acc=0.7035 epoch_time=0.03s total=5.34s             
[EPOCH 148] train_loss=1.1066 val_loss=1.0741 val_acc=0.7035 epoch_time=0.03s total=5.37s             
[EPOCH 149] train_loss=1.1069 val_loss=1.0741 val_acc=0.7034 epoch_time=0.03s total=5.40s *
[EPOCH 150] train_loss=1.1068 val_loss=1.0740 val_acc=0.7032 epoch_time=0.03s total=5.43s             
[EPOCH 151] train_loss=1.1069 val_loss=1.0739 val_acc=0.7031 epoch_time=0.03s total=5.46s *           
[EPOCH 152] train_loss=1.1057 val_loss=1.0738 val_acc=0.7030 epoch_time=0.03s total=5.49s *           
[EPOCH 153] train_loss=1.1072 val_loss=1.0738 val_acc=0.7036 epoch_time=0.03s total=5.52s             
[EPOCH 154] train_loss=1.1051 val_loss=1.0737 val_acc=0.7035 epoch_time=0.03s total=5.55s *           
[EPOCH 155] train_loss=1.1062 val_loss=1.0736 val_acc=0.7033 epoch_time=0.03s total=5.58s             
[EPOCH 156] train_loss=1.1063 val_loss=1.0735 val_acc=0.7034 epoch_time=0.03s total=5.61s *           
[EPOCH 157] train_loss=1.1063 val_loss=1.0734 val_acc=0.7031 epoch_time=0.03s total=5.64s             
[EPOCH 158] train_loss=1.1068 val_loss=1.0734 val_acc=0.7034 epoch_time=0.03s total=5.67s *           
[EPOCH 159] train_loss=1.1057 val_loss=1.0733 val_acc=0.7035 epoch_time=0.03s total=5.70s             
[EPOCH 160] train_loss=1.1059 val_loss=1.0732 val_acc=0.7033 epoch_time=0.03s total=5.73s *           
[EPOCH 161] train_loss=1.1056 val_loss=1.0732 val_acc=0.7035 epoch_time=0.03s total=5.76s             
[EPOCH 162] train_loss=1.1054 val_loss=1.0731 val_acc=0.7036 epoch_time=0.03s total=5.79s *           
[EPOCH 163] train_loss=1.1054 val_loss=1.0730 val_acc=0.7037 epoch_time=0.03s total=5.82s             
[EPOCH 164] train_loss=1.1061 val_loss=1.0730 val_acc=0.7037 epoch_time=0.03s total=5.85s *           
[EPOCH 165] train_loss=1.1046 val_loss=1.0729 val_acc=0.7036 epoch_time=0.03s total=5.88s             
[EPOCH 166] train_loss=1.1053 val_loss=1.0729 val_acc=0.7036 epoch_time=0.03s total=5.91s *           
[EPOCH 167] train_loss=1.1056 val_loss=1.0729 val_acc=0.7035 epoch_time=0.03s total=5.94s             
[EPOCH 168] train_loss=1.1047 val_loss=1.0729 val_acc=0.7033 epoch_time=0.03s total=5.97s             
[EPOCH 169] train_loss=1.1049 val_loss=1.0728 val_acc=0.7032 epoch_time=0.03s total=6.00s             
[EPOCH 170] train_loss=1.1051 val_loss=1.0728 val_acc=0.7034 epoch_time=0.03s total=6.03s *           
[EPOCH 171] train_loss=1.1044 val_loss=1.0727 val_acc=0.7033 epoch_time=0.03s total=6.06s             
[EPOCH 172] train_loss=1.1050 val_loss=1.0726 val_acc=0.7031 epoch_time=0.03s total=6.09s *           
[EPOCH 173] train_loss=1.1046 val_loss=1.0725 val_acc=0.7034 epoch_time=0.03s total=6.12s             
[EPOCH 174] train_loss=1.1051 val_loss=1.0724 val_acc=0.7035 epoch_time=0.03s total=6.15s *           
[EPOCH 175] train_loss=1.1047 val_loss=1.0723 val_acc=0.7033 epoch_time=0.03s total=6.18s             
[EPOCH 176] train_loss=1.1041 val_loss=1.0723 val_acc=0.7031 epoch_time=0.03s total=6.21s *           
[EPOCH 177] train_loss=1.1049 val_loss=1.0722 val_acc=0.7033 epoch_time=0.03s total=6.24s             
[EPOCH 178] train_loss=1.1041 val_loss=1.0721 val_acc=0.7035 epoch_time=0.03s total=6.27s *           
[EPOCH 179] train_loss=1.1049 val_loss=1.0721 val_acc=0.7034 epoch_time=0.03s total=6.30s             
[EPOCH 180] train_loss=1.1045 val_loss=1.0720 val_acc=0.7032 epoch_time=0.03s total=6.33s             
[EPOCH 181] train_loss=1.1041 val_loss=1.0720 val_acc=0.7035 epoch_time=0.03s total=6.36s *           
[EPOCH 182] train_loss=1.1052 val_loss=1.0720 val_acc=0.7037 epoch_time=0.03s total=6.39s             
[EPOCH 183] train_loss=1.1044 val_loss=1.0719 val_acc=0.7036 epoch_time=0.03s total=6.42s             
[EPOCH 184] train_loss=1.1043 val_loss=1.0719 val_acc=0.7032 epoch_time=0.03s total=6.45s *           
[EPOCH 185] train_loss=1.1045 val_loss=1.0719 val_acc=0.7031 epoch_time=0.03s total=6.48s             
[EPOCH 186] train_loss=1.1040 val_loss=1.0718 val_acc=0.7031 epoch_time=0.03s total=6.51s             
[EPOCH 187] train_loss=1.1029 val_loss=1.0717 val_acc=0.7034 epoch_time=0.03s total=6.54s *           
[EPOCH 188] train_loss=1.1035 val_loss=1.0716 val_acc=0.7034 epoch_time=0.03s total=6.57s             
[EPOCH 189] train_loss=1.1039 val_loss=1.0715 val_acc=0.7033 epoch_time=0.03s total=6.60s *           
[EPOCH 190] train_loss=1.1038 val_loss=1.0715 val_acc=0.7035 epoch_time=0.03s total=6.63s             
[EPOCH 191] train_loss=1.1031 val_loss=1.0715 val_acc=0.7036 epoch_time=0.03s total=6.66s             
[EPOCH 192] train_loss=1.1035 val_loss=1.0715 val_acc=0.7036 epoch_time=0.03s total=6.69s             
[EPOCH 193] train_loss=1.1030 val_loss=1.0714 val_acc=0.7034 epoch_time=0.03s total=6.72s *           
[EPOCH 194] train_loss=1.1034 val_loss=1.0714 val_acc=0.7032 epoch_time=0.03s total=6.75s             
[EPOCH 195] train_loss=1.1031 val_loss=1.0713 val_acc=0.7034 epoch_time=0.03s total=6.78s             
[EPOCH 196] train_loss=1.1043 val_loss=1.0713 val_acc=0.7035 epoch_time=0.03s total=6.81s *           
[EPOCH 197] train_loss=1.1028 val_loss=1.0712 val_acc=0.7035 epoch_time=0.03s total=6.84s             
[EPOCH 198] train_loss=1.1031 val_loss=1.0711 val_acc=0.7037 epoch_time=0.03s total=6.87s *           
[EPOCH 199] train_loss=1.1030 val_loss=1.0710 val_acc=0.7036 epoch_time=0.03s total=6.90s             
[EPOCH 200] train_loss=1.1030 val_loss=1.0710 val_acc=0.7035 epoch_time=0.03s total=6.93s *           
                                                                                                      
[TRAINING] Completed in 6.93s (restored weights from epoch 200, val_loss=1.0710)                      
----------------------------------------                                                              
[SCORES] MLP - Encoder: TF-IDF                                                                        
Accuracy:    0.7017                                                                                   
Macro F1:    0.5501                                                                                   
Weighted F1: 0.6756                                                                                   
----------------------------------------