[LOAD] Found existing SBERT features in data/sbert. Loading...                                        
                                                                                                      
[LOAD] Loading split indices from data/sbert                                                          
                                                                                                      
[LOAD] Loading split indices from data/sbert                                                          
                                                                                                      
[TRAINING] Starting MLP training on SBERT features using device: cuda                                 

[DATA INFO] 545 classes.

[DATA SPLIT] Train: 61082 samples, Val: 6786 samples, Test: 16967 samples
[EPOCH 01] train_loss=4.2792 val_loss=3.2225 val_acc=0.3372 epoch_time=1.58s total=1.58s *
[EPOCH 02] train_loss=3.0864 val_loss=2.6137 val_acc=0.4222 epoch_time=1.70s total=3.27s *
[EPOCH 03] train_loss=2.6941 val_loss=2.3582 val_acc=0.4693 epoch_time=1.44s total=4.71s *
[EPOCH 04] train_loss=2.5027 val_loss=2.2151 val_acc=0.4962 epoch_time=1.56s total=6.27s *
[EPOCH 05] train_loss=2.3777 val_loss=2.1215 val_acc=0.5131 epoch_time=1.58s total=7.86s *
[EPOCH 06] train_loss=2.2938 val_loss=2.0453 val_acc=0.5335 epoch_time=1.44s total=9.30s *
[EPOCH 07] train_loss=2.2224 val_loss=1.9930 val_acc=0.5367 epoch_time=1.44s total=10.74s *
[EPOCH 08] train_loss=2.1644 val_loss=1.9510 val_acc=0.5507 epoch_time=1.56s total=12.30s *
[EPOCH 09] train_loss=2.1233 val_loss=1.9188 val_acc=0.5494 epoch_time=1.47s total=13.77s *
[EPOCH 10] train_loss=2.0861 val_loss=1.8907 val_acc=0.5584 epoch_time=1.56s total=15.34s *
[EPOCH 11] train_loss=2.0572 val_loss=1.8668 val_acc=0.5688 epoch_time=1.56s total=16.90s *
[EPOCH 12] train_loss=2.0281 val_loss=1.8474 val_acc=0.5744 epoch_time=1.42s total=18.32s *
[EPOCH 13] train_loss=2.0038 val_loss=1.8258 val_acc=0.5772 epoch_time=1.43s total=19.75s *
[EPOCH 14] train_loss=1.9838 val_loss=1.8145 val_acc=0.5818 epoch_time=1.56s total=21.31s *
[EPOCH 15] train_loss=1.9633 val_loss=1.7969 val_acc=0.5825 epoch_time=1.58s total=22.89s *
[EPOCH 16] train_loss=1.9453 val_loss=1.7864 val_acc=0.5869 epoch_time=1.56s total=24.45s *
[EPOCH 17] train_loss=1.9284 val_loss=1.7734 val_acc=0.5880 epoch_time=1.43s total=25.88s *
[EPOCH 18] train_loss=1.9115 val_loss=1.7707 val_acc=0.5964 epoch_time=1.57s total=27.45s *
[EPOCH 19] train_loss=1.9023 val_loss=1.7575 val_acc=0.5945 epoch_time=1.58s total=29.03s *
[EPOCH 20] train_loss=1.8860 val_loss=1.7494 val_acc=0.5973 epoch_time=1.57s total=30.60s *
[EPOCH 21] train_loss=1.8752 val_loss=1.7406 val_acc=0.6017 epoch_time=1.56s total=32.16s *
[EPOCH 22] train_loss=1.8517 val_loss=1.7312 val_acc=0.6052 epoch_time=1.75s total=33.91s *
[EPOCH 23] train_loss=1.8459 val_loss=1.7225 val_acc=0.6060 epoch_time=2.11s total=36.02s *
[EPOCH 24] train_loss=1.8364 val_loss=1.7180 val_acc=0.6060 epoch_time=2.09s total=38.11s *
[EPOCH 25] train_loss=1.8259 val_loss=1.7137 val_acc=0.6033 epoch_time=1.82s total=39.93s *
[EPOCH 26] train_loss=1.8169 val_loss=1.7052 val_acc=0.6043 epoch_time=2.10s total=42.03s *
[EPOCH 27] train_loss=1.8002 val_loss=1.7032 val_acc=0.6099 epoch_time=2.00s total=44.03s *
[EPOCH 28] train_loss=1.7933 val_loss=1.6985 val_acc=0.6104 epoch_time=2.13s total=46.16s *
[EPOCH 29] train_loss=1.7891 val_loss=1.6925 val_acc=0.6126 epoch_time=2.09s total=48.25s *
[EPOCH 30] train_loss=1.7859 val_loss=1.6916 val_acc=0.6133 epoch_time=2.09s total=50.34s *
[EPOCH 31] train_loss=1.7763 val_loss=1.6827 val_acc=0.6160 epoch_time=1.92s total=52.26s *
[EPOCH 32] train_loss=1.7625 val_loss=1.6820 val_acc=0.6169 epoch_time=2.12s total=54.38s *
[EPOCH 33] train_loss=1.7562 val_loss=1.6802 val_acc=0.6136 epoch_time=2.11s total=56.49s *
[EPOCH 34] train_loss=1.7507 val_loss=1.6781 val_acc=0.6118 epoch_time=1.93s total=58.42s *
[EPOCH 35] train_loss=1.7491 val_loss=1.6745 val_acc=0.6170 epoch_time=1.99s total=60.41s *
[EPOCH 36] train_loss=1.7378 val_loss=1.6748 val_acc=0.6164 epoch_time=2.14s total=62.55s             
[EPOCH 37] train_loss=1.7376 val_loss=1.6708 val_acc=0.6189 epoch_time=1.69s total=64.24s *
[EPOCH 38] train_loss=1.7286 val_loss=1.6663 val_acc=0.6173 epoch_time=1.46s total=65.70s *
[EPOCH 39] train_loss=1.7219 val_loss=1.6663 val_acc=0.6210 epoch_time=1.49s total=67.19s
[EPOCH 40] train_loss=1.7229 val_loss=1.6674 val_acc=0.6198 epoch_time=1.60s total=68.79s
[EPOCH 41] train_loss=1.7100 val_loss=1.6579 val_acc=0.6189 epoch_time=1.59s total=70.38s *
[EPOCH 42] train_loss=1.7097 val_loss=1.6611 val_acc=0.6189 epoch_time=1.53s total=71.91s
[EPOCH 43] train_loss=1.7083 val_loss=1.6594 val_acc=0.6223 epoch_time=1.48s total=73.39s
[EPOCH 44] train_loss=1.7038 val_loss=1.6554 val_acc=0.6233 epoch_time=1.59s total=74.98s *
[EPOCH 45] train_loss=1.6962 val_loss=1.6570 val_acc=0.6236 epoch_time=1.59s total=76.57s
[EPOCH 46] train_loss=1.6921 val_loss=1.6548 val_acc=0.6208 epoch_time=1.44s total=78.02s *
[EPOCH 47] train_loss=1.6957 val_loss=1.6572 val_acc=0.6202 epoch_time=1.60s total=79.62s
[EPOCH 48] train_loss=1.6820 val_loss=1.6509 val_acc=0.6233 epoch_time=1.44s total=81.06s *
[EPOCH 49] train_loss=1.6824 val_loss=1.6498 val_acc=0.6244 epoch_time=1.54s total=82.60s *
[EPOCH 50] train_loss=1.6776 val_loss=1.6510 val_acc=0.6238 epoch_time=1.60s total=84.20s
[EPOCH 51] train_loss=1.6757 val_loss=1.6501 val_acc=0.6230 epoch_time=1.60s total=85.80s
[EPOCH 52] train_loss=1.6643 val_loss=1.6484 val_acc=0.6263 epoch_time=1.45s total=87.25s *
[EPOCH 53] train_loss=1.6751 val_loss=1.6442 val_acc=0.6233 epoch_time=1.46s total=88.71s *
[EPOCH 54] train_loss=1.6664 val_loss=1.6468 val_acc=0.6225 epoch_time=1.51s total=90.22s
[EPOCH 55] train_loss=1.6533 val_loss=1.6445 val_acc=0.6228 epoch_time=1.44s total=91.66s
[EPOCH 56] train_loss=1.6601 val_loss=1.6424 val_acc=0.6158 epoch_time=1.50s total=93.17s *
[EPOCH 57] train_loss=1.6527 val_loss=1.6406 val_acc=0.6239 epoch_time=1.54s total=94.70s *
[EPOCH 58] train_loss=1.6494 val_loss=1.6436 val_acc=0.6251 epoch_time=1.45s total=96.15s
[EPOCH 59] train_loss=1.6476 val_loss=1.6414 val_acc=0.6245 epoch_time=1.46s total=97.61s
[EPOCH 60] train_loss=1.6456 val_loss=1.6397 val_acc=0.6258 epoch_time=1.44s total=99.04s *
[EPOCH 61] train_loss=1.6383 val_loss=1.6407 val_acc=0.6211 epoch_time=1.59s total=100.63s
[EPOCH 62] train_loss=1.6461 val_loss=1.6366 val_acc=0.6256 epoch_time=1.59s total=102.23s *
[EPOCH 63] train_loss=1.6336 val_loss=1.6403 val_acc=0.6232 epoch_time=1.45s total=103.68s
[EPOCH 64] train_loss=1.6418 val_loss=1.6348 val_acc=0.6264 epoch_time=1.50s total=105.18s *
[EPOCH 65] train_loss=1.6271 val_loss=1.6372 val_acc=0.6225 epoch_time=1.60s total=106.79s
[EPOCH 66] train_loss=1.6298 val_loss=1.6312 val_acc=0.6286 epoch_time=1.60s total=108.39s *
[EPOCH 67] train_loss=1.6253 val_loss=1.6358 val_acc=0.6260 epoch_time=1.61s total=110.00s
[EPOCH 68] train_loss=1.6246 val_loss=1.6313 val_acc=0.6270 epoch_time=1.45s total=111.45s
[EPOCH 69] train_loss=1.6252 val_loss=1.6310 val_acc=0.6267 epoch_time=1.63s total=113.07s *
[EPOCH 70] train_loss=1.6241 val_loss=1.6331 val_acc=0.6260 epoch_time=1.57s total=114.64s
[EPOCH 71] train_loss=1.6109 val_loss=1.6320 val_acc=0.6275 epoch_time=1.59s total=116.23s
[EPOCH 72] train_loss=1.6156 val_loss=1.6290 val_acc=0.6272 epoch_time=1.44s total=117.67s *
[EPOCH 73] train_loss=1.6112 val_loss=1.6283 val_acc=0.6304 epoch_time=1.62s total=119.29s *
[EPOCH 74] train_loss=1.6071 val_loss=1.6261 val_acc=0.6263 epoch_time=1.60s total=120.90s *
[EPOCH 75] train_loss=1.6122 val_loss=1.6258 val_acc=0.6281 epoch_time=1.66s total=122.56s *
[EPOCH 76] train_loss=1.6036 val_loss=1.6265 val_acc=0.6245 epoch_time=1.63s total=124.19s
[EPOCH 77] train_loss=1.6131 val_loss=1.6262 val_acc=0.6288 epoch_time=1.59s total=125.78s
[EPOCH 78] train_loss=1.6057 val_loss=1.6262 val_acc=0.6245 epoch_time=1.62s total=127.40s
[EPOCH 79] train_loss=1.6027 val_loss=1.6195 val_acc=0.6266 epoch_time=1.62s total=129.01s *
[EPOCH 80] train_loss=1.5975 val_loss=1.6204 val_acc=0.6292 epoch_time=1.60s total=130.62s
[EPOCH 81] train_loss=1.5905 val_loss=1.6249 val_acc=0.6304 epoch_time=1.58s total=132.20s
[EPOCH 82] train_loss=1.5926 val_loss=1.6238 val_acc=0.6279 epoch_time=1.61s total=133.81s
[EPOCH 83] train_loss=1.5892 val_loss=1.6261 val_acc=0.6326 epoch_time=1.61s total=135.42s
[EPOCH 84] train_loss=1.5956 val_loss=1.6232 val_acc=0.6275 epoch_time=1.45s total=136.87s
[EPOCH 85] train_loss=1.5906 val_loss=1.6268 val_acc=0.6264 epoch_time=1.45s total=138.32s
[EPOCH 86] train_loss=1.5941 val_loss=1.6191 val_acc=0.6300 epoch_time=1.63s total=139.95s *
[EPOCH 87] train_loss=1.5873 val_loss=1.6252 val_acc=0.6281 epoch_time=1.61s total=141.56s
[EPOCH 88] train_loss=1.5790 val_loss=1.6225 val_acc=0.6235 epoch_time=1.63s total=143.19s
[EPOCH 89] train_loss=1.5840 val_loss=1.6214 val_acc=0.6281 epoch_time=1.61s total=144.81s
[EPOCH 90] train_loss=1.5742 val_loss=1.6214 val_acc=0.6288 epoch_time=1.61s total=146.42s
[EPOCH 91] train_loss=1.5808 val_loss=1.6234 val_acc=0.6322 epoch_time=1.61s total=148.02s
[EPOCH 92] train_loss=1.5744 val_loss=1.6198 val_acc=0.6306 epoch_time=1.52s total=149.54s
[EPOCH 93] train_loss=1.5771 val_loss=1.6181 val_acc=0.6282 epoch_time=1.58s total=151.12s *
[EPOCH 94] train_loss=1.5725 val_loss=1.6154 val_acc=0.6285 epoch_time=1.61s total=152.72s *
[EPOCH 95] train_loss=1.5749 val_loss=1.6192 val_acc=0.6338 epoch_time=1.61s total=154.33s
[EPOCH 96] train_loss=1.5671 val_loss=1.6225 val_acc=0.6310 epoch_time=1.59s total=155.93s
[EPOCH 97] train_loss=1.5673 val_loss=1.6213 val_acc=0.6335 epoch_time=1.44s total=157.36s
[EPOCH 98] train_loss=1.5696 val_loss=1.6151 val_acc=0.6328 epoch_time=1.57s total=158.94s *
[EPOCH 99] train_loss=1.5642 val_loss=1.6223 val_acc=0.6286 epoch_time=1.53s total=160.46s
[EPOCH 100] train_loss=1.5683 val_loss=1.6203 val_acc=0.6335 epoch_time=1.58s total=162.05s
[EPOCH 101] train_loss=1.5679 val_loss=1.6230 val_acc=0.6288 epoch_time=1.49s total=163.54s
[EPOCH 102] train_loss=1.5578 val_loss=1.6178 val_acc=0.6239 epoch_time=1.61s total=165.15s
[EPOCH 103] train_loss=1.5612 val_loss=1.6202 val_acc=0.6248 epoch_time=1.44s total=166.58s
[EPOCH 104] train_loss=1.5664 val_loss=1.6212 val_acc=0.6291 epoch_time=1.58s total=168.16s
[EPOCH 105] train_loss=1.5558 val_loss=1.6237 val_acc=0.6326 epoch_time=1.58s total=169.74s
[EPOCH 106] train_loss=1.5557 val_loss=1.6199 val_acc=0.6338 epoch_time=1.43s total=171.18s
[EPOCH 107] train_loss=1.5617 val_loss=1.6249 val_acc=0.6294 epoch_time=1.60s total=172.78s
[EPOCH 108] train_loss=1.5585 val_loss=1.6237 val_acc=0.6316 epoch_time=1.59s total=174.36s

[EARLY STOP] No val improvement for 10 epochs. Best epoch 98 (val_loss=1.6151).

[TRAINING] Completed in 174.36s (restored weights from epoch 98, val_loss=1.6151)
----------------------------------------
[SCORES] MLP - Encoder: SBERT
Accuracy:    0.6236
Macro F1:    0.2580
Weighted F1: 0.5873
----------------------------------------
