[LOAD] Found cached related data at data/related_depth1.pkl. Loading...                               
                                                                                                      
[LOAD] Found existing TF-IDF features in data/tfidf_depth1. Loading...                                
                                                                                                      
[LOAD] Loading split indices from data/tfidf_depth1                                                   
                                                                                                      
[LOAD] Loading split indices from data/tfidf_depth1                                                   
                                                                                                      
[TRAINING] Starting GraphSAGE training on TF-IDF features using device: cuda                          
                                                                                                      
[DATA INFO] 18 classes.                                                                               
                                                                                                      
[GRAPH] Building Amazon co-purchase graph...                                                          
[GRAPH] 317329 nodes and 7492956 edges built in 4.22s  

[DATA SPLIT] Train: 222130 samples, Val: 47599 samples, Test: 47600 samples                           
[EPOCH 01] train_loss=2.9007 val_loss=2.9006 val_acc=0.0189 epoch_time=1.07s total=1.07s *            
[EPOCH 02] train_loss=2.8209 val_loss=2.8210 val_acc=0.1668 epoch_time=0.37s total=1.44s *            
[EPOCH 03] train_loss=2.7428 val_loss=2.7429 val_acc=0.2111 epoch_time=0.37s total=1.82s *            
[EPOCH 04] train_loss=2.6589 val_loss=2.6590 val_acc=0.2625 epoch_time=0.37s total=2.19s *            
[EPOCH 05] train_loss=2.5750 val_loss=2.5755 val_acc=0.2993 epoch_time=0.37s total=2.56s *            
[EPOCH 06] train_loss=2.5015 val_loss=2.5020 val_acc=0.3090 epoch_time=0.37s total=2.94s *            
[EPOCH 07] train_loss=2.4378 val_loss=2.4384 val_acc=0.3038 epoch_time=0.37s total=3.31s *            
[EPOCH 08] train_loss=2.3699 val_loss=2.3704 val_acc=0.2982 epoch_time=0.37s total=3.69s *            
[EPOCH 09] train_loss=2.2869 val_loss=2.2868 val_acc=0.3125 epoch_time=0.37s total=4.06s *            
[EPOCH 10] train_loss=2.1931 val_loss=2.1935 val_acc=0.3558 epoch_time=0.37s total=4.44s *            
[EPOCH 11] train_loss=2.0988 val_loss=2.0982 val_acc=0.4252 epoch_time=0.37s total=4.81s *            
[EPOCH 12] train_loss=2.0092 val_loss=2.0081 val_acc=0.4979 epoch_time=0.37s total=5.18s *            
[EPOCH 13] train_loss=1.9260 val_loss=1.9255 val_acc=0.5532 epoch_time=0.37s total=5.56s *            
[EPOCH 14] train_loss=1.8455 val_loss=1.8453 val_acc=0.5853 epoch_time=0.37s total=5.93s *            
[EPOCH 15] train_loss=1.7684 val_loss=1.7685 val_acc=0.6044 epoch_time=0.37s total=6.31s *            
[EPOCH 16] train_loss=1.6931 val_loss=1.6915 val_acc=0.6163 epoch_time=0.37s total=6.68s *            
[EPOCH 17] train_loss=1.6221 val_loss=1.6216 val_acc=0.6232 epoch_time=0.37s total=7.06s *            
[EPOCH 18] train_loss=1.5567 val_loss=1.5563 val_acc=0.6317 epoch_time=0.37s total=7.43s *            
[EPOCH 19] train_loss=1.4990 val_loss=1.4977 val_acc=0.6368 epoch_time=0.37s total=7.80s *            
[EPOCH 20] train_loss=1.4477 val_loss=1.4454 val_acc=0.6429 epoch_time=0.37s total=8.18s *            
[EPOCH 21] train_loss=1.4004 val_loss=1.3993 val_acc=0.6510 epoch_time=0.37s total=8.55s *            
[EPOCH 22] train_loss=1.3602 val_loss=1.3582 val_acc=0.6600 epoch_time=0.37s total=8.93s *            
[EPOCH 23] train_loss=1.3241 val_loss=1.3215 val_acc=0.6683 epoch_time=0.37s total=9.30s *            
[EPOCH 24] train_loss=1.2914 val_loss=1.2900 val_acc=0.6758 epoch_time=0.37s total=9.68s *            
[EPOCH 25] train_loss=1.2652 val_loss=1.2621 val_acc=0.6814 epoch_time=0.37s total=10.05s *           
[EPOCH 26] train_loss=1.2410 val_loss=1.2386 val_acc=0.6836 epoch_time=0.37s total=10.42s *           
[EPOCH 27] train_loss=1.2170 val_loss=1.2158 val_acc=0.6856 epoch_time=0.37s total=10.80s *           
[EPOCH 28] train_loss=1.1965 val_loss=1.1945 val_acc=0.6895 epoch_time=0.37s total=11.17s *           
[EPOCH 29] train_loss=1.1795 val_loss=1.1760 val_acc=0.6906 epoch_time=0.37s total=11.55s *           
[EPOCH 30] train_loss=1.1631 val_loss=1.1599 val_acc=0.6925 epoch_time=0.37s total=11.92s *           
[EPOCH 31] train_loss=1.1477 val_loss=1.1452 val_acc=0.6954 epoch_time=0.37s total=12.29s *           
[EPOCH 32] train_loss=1.1352 val_loss=1.1316 val_acc=0.6991 epoch_time=0.37s total=12.67s *           
[EPOCH 33] train_loss=1.1234 val_loss=1.1209 val_acc=0.7014 epoch_time=0.37s total=13.04s *           
[EPOCH 34] train_loss=1.1132 val_loss=1.1110 val_acc=0.7057 epoch_time=0.37s total=13.42s *           
[EPOCH 35] train_loss=1.1028 val_loss=1.1011 val_acc=0.7066 epoch_time=0.37s total=13.79s *           
[EPOCH 36] train_loss=1.0953 val_loss=1.0938 val_acc=0.7085 epoch_time=0.37s total=14.17s * 
[EPOCH 37] train_loss=1.0883 val_loss=1.0871 val_acc=0.7091 epoch_time=0.37s total=14.54s *           
[EPOCH 38] train_loss=1.0816 val_loss=1.0787 val_acc=0.7112 epoch_time=0.37s total=14.91s *           
[EPOCH 39] train_loss=1.0757 val_loss=1.0751 val_acc=0.7114 epoch_time=0.37s total=15.29s *           
[EPOCH 40] train_loss=1.0706 val_loss=1.0691 val_acc=0.7131 epoch_time=0.37s total=15.66s *           
[EPOCH 41] train_loss=1.0660 val_loss=1.0631 val_acc=0.7132 epoch_time=0.37s total=16.04s *           
[EPOCH 42] train_loss=1.0615 val_loss=1.0593 val_acc=0.7139 epoch_time=0.37s total=16.41s *           
[EPOCH 43] train_loss=1.0571 val_loss=1.0566 val_acc=0.7157 epoch_time=0.37s total=16.78s *           
[EPOCH 44] train_loss=1.0539 val_loss=1.0557 val_acc=0.7148 epoch_time=0.37s total=17.16s *           
[EPOCH 45] train_loss=1.0505 val_loss=1.0500 val_acc=0.7176 epoch_time=0.37s total=17.53s *           
[EPOCH 46] train_loss=1.0484 val_loss=1.0465 val_acc=0.7175 epoch_time=0.37s total=17.91s *           
[EPOCH 47] train_loss=1.0456 val_loss=1.0456 val_acc=0.7173 epoch_time=0.37s total=18.28s *           
[EPOCH 48] train_loss=1.0437 val_loss=1.0414 val_acc=0.7182 epoch_time=0.37s total=18.65s *           
[EPOCH 49] train_loss=1.0412 val_loss=1.0402 val_acc=0.7185 epoch_time=0.37s total=19.03s *           
[EPOCH 50] train_loss=1.0388 val_loss=1.0365 val_acc=0.7190 epoch_time=0.37s total=19.40s *           
[EPOCH 51] train_loss=1.0352 val_loss=1.0360 val_acc=0.7178 epoch_time=0.37s total=19.78s *           
[EPOCH 52] train_loss=1.0333 val_loss=1.0343 val_acc=0.7203 epoch_time=0.37s total=20.15s *           
[EPOCH 53] train_loss=1.0314 val_loss=1.0306 val_acc=0.7194 epoch_time=0.37s total=20.53s *           
[EPOCH 54] train_loss=1.0299 val_loss=1.0287 val_acc=0.7186 epoch_time=0.37s total=20.90s *           
[EPOCH 55] train_loss=1.0279 val_loss=1.0274 val_acc=0.7192 epoch_time=0.37s total=21.27s *           
[EPOCH 56] train_loss=1.0253 val_loss=1.0289 val_acc=0.7200 epoch_time=0.37s total=21.65s             
[EPOCH 57] train_loss=1.0258 val_loss=1.0234 val_acc=0.7200 epoch_time=0.37s total=22.02s *           
[EPOCH 58] train_loss=1.0239 val_loss=1.0250 val_acc=0.7201 epoch_time=0.37s total=22.40s             
[EPOCH 59] train_loss=1.0230 val_loss=1.0225 val_acc=0.7205 epoch_time=0.37s total=22.77s *           
[EPOCH 60] train_loss=1.0212 val_loss=1.0217 val_acc=0.7195 epoch_time=0.37s total=23.14s *           
[EPOCH 61] train_loss=1.0197 val_loss=1.0188 val_acc=0.7223 epoch_time=0.37s total=23.52s *           
[EPOCH 62] train_loss=1.0186 val_loss=1.0169 val_acc=0.7199 epoch_time=0.37s total=23.89s *           
[EPOCH 63] train_loss=1.0167 val_loss=1.0184 val_acc=0.7202 epoch_time=0.37s total=24.27s             
[EPOCH 64] train_loss=1.0174 val_loss=1.0190 val_acc=0.7198 epoch_time=0.37s total=24.64s             
[EPOCH 65] train_loss=1.0157 val_loss=1.0182 val_acc=0.7210 epoch_time=0.37s total=25.01s             
[EPOCH 66] train_loss=1.0152 val_loss=1.0151 val_acc=0.7217 epoch_time=0.37s total=25.39s *           
[EPOCH 67] train_loss=1.0154 val_loss=1.0164 val_acc=0.7198 epoch_time=0.37s total=25.76s             
[EPOCH 68] train_loss=1.0150 val_loss=1.0136 val_acc=0.7218 epoch_time=0.37s total=26.14s *           
[EPOCH 69] train_loss=1.0136 val_loss=1.0146 val_acc=0.7206 epoch_time=0.37s total=26.51s             
[EPOCH 70] train_loss=1.0126 val_loss=1.0127 val_acc=0.7218 epoch_time=0.37s total=26.88s *           
[EPOCH 71] train_loss=1.0120 val_loss=1.0122 val_acc=0.7221 epoch_time=0.37s total=27.26s *           
[EPOCH 72] train_loss=1.0122 val_loss=1.0127 val_acc=0.7218 epoch_time=0.37s total=27.63s             
[EPOCH 73] train_loss=1.0112 val_loss=1.0105 val_acc=0.7220 epoch_time=0.37s total=28.01s *           
[EPOCH 74] train_loss=1.0113 val_loss=1.0112 val_acc=0.7212 epoch_time=0.37s total=28.38s             
[EPOCH 75] train_loss=1.0089 val_loss=1.0111 val_acc=0.7221 epoch_time=0.37s total=28.75s             
[EPOCH 76] train_loss=1.0092 val_loss=1.0090 val_acc=0.7235 epoch_time=0.37s total=29.13s *           
[EPOCH 77] train_loss=1.0095 val_loss=1.0082 val_acc=0.7238 epoch_time=0.37s total=29.50s *           
[EPOCH 78] train_loss=1.0075 val_loss=1.0089 val_acc=0.7216 epoch_time=0.37s total=29.87s             
[EPOCH 79] train_loss=1.0088 val_loss=1.0083 val_acc=0.7223 epoch_time=0.37s total=30.25s             
[EPOCH 80] train_loss=1.0068 val_loss=1.0073 val_acc=0.7237 epoch_time=0.37s total=30.62s *           
[EPOCH 81] train_loss=1.0076 val_loss=1.0090 val_acc=0.7219 epoch_time=0.37s total=31.00s             
[EPOCH 82] train_loss=1.0069 val_loss=1.0078 val_acc=0.7232 epoch_time=0.37s total=31.37s             
[EPOCH 83] train_loss=1.0066 val_loss=1.0051 val_acc=0.7245 epoch_time=0.37s total=31.74s *           
[EPOCH 84] train_loss=1.0065 val_loss=1.0080 val_acc=0.7227 epoch_time=0.37s total=32.12s             
[EPOCH 85] train_loss=1.0054 val_loss=1.0048 val_acc=0.7228 epoch_time=0.37s total=32.49s *           
[EPOCH 86] train_loss=1.0060 val_loss=1.0057 val_acc=0.7234 epoch_time=0.37s total=32.86s             
[EPOCH 87] train_loss=1.0053 val_loss=1.0061 val_acc=0.7228 epoch_time=0.37s total=33.24s             
[EPOCH 88] train_loss=1.0061 val_loss=1.0067 val_acc=0.7221 epoch_time=0.37s total=33.61s             
[EPOCH 89] train_loss=1.0049 val_loss=1.0063 val_acc=0.7233 epoch_time=0.37s total=33.99s             
[EPOCH 90] train_loss=1.0041 val_loss=1.0056 val_acc=0.7229 epoch_time=0.37s total=34.36s
[EPOCH 91] train_loss=1.0034 val_loss=1.0051 val_acc=0.7232 epoch_time=0.37s total=34.73s             
[EPOCH 92] train_loss=1.0032 val_loss=1.0046 val_acc=0.7240 epoch_time=0.37s total=35.11s *           
[EPOCH 93] train_loss=1.0032 val_loss=1.0049 val_acc=0.7241 epoch_time=0.37s total=35.48s             
[EPOCH 94] train_loss=1.0036 val_loss=1.0036 val_acc=0.7242 epoch_time=0.37s total=35.86s *           
[EPOCH 95] train_loss=1.0034 val_loss=1.0033 val_acc=0.7233 epoch_time=0.37s total=36.23s *           
[EPOCH 96] train_loss=1.0036 val_loss=1.0031 val_acc=0.7226 epoch_time=0.37s total=36.61s *           
[EPOCH 97] train_loss=1.0027 val_loss=1.0042 val_acc=0.7234 epoch_time=0.37s total=36.98s             
[EPOCH 98] train_loss=1.0034 val_loss=1.0051 val_acc=0.7237 epoch_time=0.37s total=37.35s             
[EPOCH 99] train_loss=1.0022 val_loss=1.0017 val_acc=0.7232 epoch_time=0.37s total=37.73s *           
[EPOCH 100] train_loss=1.0019 val_loss=1.0056 val_acc=0.7234 epoch_time=0.37s total=38.10s            
[EPOCH 101] train_loss=1.0023 val_loss=1.0034 val_acc=0.7245 epoch_time=0.37s total=38.48s            
[EPOCH 102] train_loss=1.0025 val_loss=1.0015 val_acc=0.7233 epoch_time=0.37s total=38.85s *          
[EPOCH 103] train_loss=1.0013 val_loss=1.0023 val_acc=0.7233 epoch_time=0.37s total=39.22s            
[EPOCH 104] train_loss=1.0009 val_loss=1.0026 val_acc=0.7235 epoch_time=0.37s total=39.60s            
[EPOCH 105] train_loss=1.0015 val_loss=1.0025 val_acc=0.7235 epoch_time=0.37s total=39.97s            
[EPOCH 106] train_loss=1.0015 val_loss=1.0020 val_acc=0.7229 epoch_time=0.37s total=40.35s            
[EPOCH 107] train_loss=1.0013 val_loss=1.0012 val_acc=0.7243 epoch_time=0.37s total=40.72s *          
[EPOCH 108] train_loss=1.0018 val_loss=1.0012 val_acc=0.7251 epoch_time=0.37s total=41.09s            
[EPOCH 109] train_loss=1.0015 val_loss=1.0030 val_acc=0.7233 epoch_time=0.37s total=41.47s            
[EPOCH 110] train_loss=1.0015 val_loss=1.0024 val_acc=0.7232 epoch_time=0.37s total=41.84s            
[EPOCH 111] train_loss=1.0017 val_loss=1.0027 val_acc=0.7222 epoch_time=0.37s total=42.21s            
[EPOCH 112] train_loss=1.0001 val_loss=1.0012 val_acc=0.7242 epoch_time=0.37s total=42.59s            
[EPOCH 113] train_loss=1.0008 val_loss=1.0022 val_acc=0.7244 epoch_time=0.37s total=42.96s            
[EPOCH 114] train_loss=0.9999 val_loss=1.0017 val_acc=0.7240 epoch_time=0.37s total=43.34s            
[EPOCH 115] train_loss=1.0000 val_loss=1.0015 val_acc=0.7234 epoch_time=0.37s total=43.71s            
[EPOCH 116] train_loss=1.0014 val_loss=1.0009 val_acc=0.7238 epoch_time=0.37s total=44.08s *          
[EPOCH 117] train_loss=0.9997 val_loss=0.9993 val_acc=0.7245 epoch_time=0.37s total=44.46s *          
[EPOCH 118] train_loss=0.9999 val_loss=1.0019 val_acc=0.7235 epoch_time=0.37s total=44.83s            
[EPOCH 119] train_loss=1.0002 val_loss=1.0013 val_acc=0.7230 epoch_time=0.37s total=45.20s            
[EPOCH 120] train_loss=1.0002 val_loss=1.0014 val_acc=0.7214 epoch_time=0.37s total=45.58s            
[EPOCH 121] train_loss=0.9990 val_loss=1.0013 val_acc=0.7246 epoch_time=0.37s total=45.95s            
[EPOCH 122] train_loss=0.9992 val_loss=0.9996 val_acc=0.7236 epoch_time=0.37s total=46.33s            
[EPOCH 123] train_loss=0.9996 val_loss=1.0013 val_acc=0.7237 epoch_time=0.37s total=46.70s            
[EPOCH 124] train_loss=0.9994 val_loss=0.9995 val_acc=0.7241 epoch_time=0.37s total=47.07s            
[EPOCH 125] train_loss=0.9985 val_loss=0.9995 val_acc=0.7248 epoch_time=0.37s total=47.45s            
[EPOCH 126] train_loss=1.0000 val_loss=0.9998 val_acc=0.7243 epoch_time=0.37s total=47.82s            
[EPOCH 127] train_loss=0.9996 val_loss=0.9999 val_acc=0.7236 epoch_time=0.37s total=48.20s            
                                                                                                      
[EARLY STOP] No val improvement for 10 epochs. Best epoch 117 (val_loss=0.9993).                      
                                                                                                      
[TRAINING] Completed in 48.20s (restored weights from epoch 117, val_loss=0.9993)                     
----------------------------------------                                                              
[SCORES] GraphSAGE - Encoder: TF-IDF                                                                  
Accuracy:    0.7304                                                                                   
Macro F1:    0.5870                                                                                   
Weighted F1: 0.7076                                                                                   
----------------------------------------