Job 830291 started on node17 at Thu May 21 11:04:04 CEST 2026
Thu May 21 11:04:04 2026       
+-----------------------------------------------------------------------------------------+
| NVIDIA-SMI 580.126.18             Driver Version: 580.126.18     CUDA Version: 13.0     |
+-----------------------------------------+------------------------+----------------------+
| GPU  Name                 Persistence-M | Bus-Id          Disp.A | Volatile Uncorr. ECC |
| Fan  Temp   Perf          Pwr:Usage/Cap |           Memory-Usage | GPU-Util  Compute M. |
|                                         |                        |               MIG M. |
|=========================================+========================+======================|
|   0  Tesla P100-PCIE-16GB           Off |   00000000:3B:00.0 Off |                    0 |
| N/A   30C    P0             27W /  250W |       0MiB /  16384MiB |      0%      Default |
|                                         |                        |                  N/A |
+-----------------------------------------+------------------------+----------------------+

+-----------------------------------------------------------------------------------------+
| Processes:                                                                              |
|  GPU   GI   CI              PID   Type   Process name                        GPU Memory |
|        ID   ID                                                               Usage      |
|=========================================================================================|
|  No running processes found                                                             |
+-----------------------------------------------------------------------------------------+

=========================================================================================================================
H1 Benchmark: GNN + co-purchase graph vs. feature-only classifiers
=========================================================================================================================
encoder       modality  model         mean_acc   std_acc    ci95_lower  ci95_upper  n_runs   avg_runtime_s   H1_category 
------------  --------  ------------  ---------  ---------  ----------  ----------  -------  --------------  ------------
tfidf         text      GraphSAGE     0.8596     0.0010     0.8587      0.8605      5        79.0            graph       
tfidf         text      MLP           0.8590     0.0009     0.8582      0.8598      5        18.2            no-graph    
tfidf         text      LogReg        0.8567     0.0000     0.8567      0.8567      5        496.4           no-graph    
tfidf         text      GAT           0.8363     0.0027     0.8340      0.8387      5        54.8            graph       
tfidf         text      GCN           0.6934     0.2017     0.5166      0.8702      5        24.4            graph       
=========================================================================================================================

Job finished at Thu May 21 14:43:13 CEST 2026
