[LOAD] Found existing BOW features in data/bow. Loading...

[LOAD] Loading split indices from data/bow

[LOAD] Loading split indices from data/bow

[TRAINING] Starting MLP training on BOW features using device: cuda

[DATA INFO] 48 classes.

[DATA SPLIT] Train: 61123 samples, Val: 6791 samples, Test: 16979 samples
[EPOCH 01] train_loss=1.4720 val_loss=0.8856 epoch_time=7.63s total=7.63s *
[EPOCH 02] train_loss=0.8292 val_loss=0.7852 epoch_time=7.47s total=15.10s *
[EPOCH 03] train_loss=0.7010 val_loss=0.7618 epoch_time=8.15s total=23.25s *
[EPOCH 04] train_loss=0.6211 val_loss=0.7525 epoch_time=7.92s total=31.17s *
[EPOCH 05] train_loss=0.5643 val_loss=0.7678 epoch_time=7.63s total=38.79s
[EPOCH 06] train_loss=0.5140 val_loss=0.7846 epoch_time=7.67s total=46.46s
[EPOCH 07] train_loss=0.4799 val_loss=0.7901 epoch_time=7.57s total=54.03s
[EPOCH 08] train_loss=0.4501 val_loss=0.8237 epoch_time=7.64s total=61.68s
[EPOCH 09] train_loss=0.4221 val_loss=0.8482 epoch_time=8.05s total=69.73s
[EPOCH 10] train_loss=0.3991 val_loss=0.8682 epoch_time=7.67s total=77.39s
[EPOCH 11] train_loss=0.3835 val_loss=0.8795 epoch_time=7.68s total=85.08s
[EPOCH 12] train_loss=0.3650 val_loss=0.9039 epoch_time=7.93s total=93.00s
[EPOCH 13] train_loss=0.3493 val_loss=0.9486 epoch_time=7.96s total=100.97s
[EPOCH 14] train_loss=0.3386 val_loss=0.9532 epoch_time=8.02s total=108.99s

[EARLY STOP] No val improvement for 10 epochs. Best epoch 4 (val_loss=0.7525).

[TRAINING] Completed in 108.99s (restored weights from epoch 4, val_loss=0.7525)
----------------------------------------
[SCORES] MLP - Encoder: BOW
Accuracy:    0.8118
Macro F1:    0.3052
Weighted F1: 0.7902
----------------------------------------
