[LOAD] Found existing SBERT features in data/sbert. Loading...                                        
                                                                                                      
[LOAD] Loading split indices from data/sbert                                                          
                                                                                                      
[LOAD] Loading split indices from data/sbert                                                          
                                                                                                      
[TRAINING] Starting MLP training on SBERT features using device: cuda   

[DATA INFO] 48 classes.

[DATA SPLIT] Train: 61123 samples, Val: 6791 samples, Test: 16979 samples
[EPOCH 01] train_loss=1.8350 val_loss=1.1267 epoch_time=1.57s total=1.57s *
[EPOCH 02] train_loss=1.1337 val_loss=0.9750 epoch_time=1.76s total=3.34s *
[EPOCH 03] train_loss=1.0239 val_loss=0.9074 epoch_time=1.54s total=4.88s *
[EPOCH 04] train_loss=0.9605 val_loss=0.8722 epoch_time=1.55s total=6.43s *
[EPOCH 05] train_loss=0.9240 val_loss=0.8499 epoch_time=1.56s total=7.98s *
[EPOCH 06] train_loss=0.8920 val_loss=0.8290 epoch_time=1.54s total=9.52s *
[EPOCH 07] train_loss=0.8639 val_loss=0.8166 epoch_time=1.57s total=11.09s *
[EPOCH 08] train_loss=0.8447 val_loss=0.8055 epoch_time=1.78s total=12.87s *
[EPOCH 09] train_loss=0.8285 val_loss=0.7914 epoch_time=1.50s total=14.36s *
[EPOCH 10] train_loss=0.8090 val_loss=0.7811 epoch_time=1.74s total=16.10s *
[EPOCH 11] train_loss=0.7969 val_loss=0.7764 epoch_time=1.73s total=17.84s *
[EPOCH 12] train_loss=0.7843 val_loss=0.7679 epoch_time=1.78s total=19.62s *
[EPOCH 13] train_loss=0.7721 val_loss=0.7634 epoch_time=1.75s total=21.37s *
[EPOCH 14] train_loss=0.7642 val_loss=0.7589 epoch_time=1.73s total=23.09s *
[EPOCH 15] train_loss=0.7521 val_loss=0.7550 epoch_time=1.53s total=24.62s *
[EPOCH 16] train_loss=0.7418 val_loss=0.7483 epoch_time=1.76s total=26.39s *
[EPOCH 17] train_loss=0.7342 val_loss=0.7489 epoch_time=1.77s total=28.15s
[EPOCH 18] train_loss=0.7293 val_loss=0.7427 epoch_time=1.77s total=29.92s *
[EPOCH 19] train_loss=0.7209 val_loss=0.7409 epoch_time=1.77s total=31.70s *
[EPOCH 20] train_loss=0.7139 val_loss=0.7375 epoch_time=1.51s total=33.21s *
[EPOCH 21] train_loss=0.7083 val_loss=0.7333 epoch_time=1.76s total=34.97s *
[EPOCH 22] train_loss=0.6988 val_loss=0.7346 epoch_time=1.76s total=36.73s
[EPOCH 23] train_loss=0.6919 val_loss=0.7324 epoch_time=1.78s total=38.51s *
[EPOCH 24] train_loss=0.6863 val_loss=0.7301 epoch_time=1.76s total=40.28s *
[EPOCH 25] train_loss=0.6813 val_loss=0.7285 epoch_time=1.74s total=42.01s *
[EPOCH 26] train_loss=0.6737 val_loss=0.7263 epoch_time=1.55s total=43.56s *
[EPOCH 27] train_loss=0.6715 val_loss=0.7268 epoch_time=1.73s total=45.29s
[EPOCH 28] train_loss=0.6664 val_loss=0.7231 epoch_time=1.75s total=47.04s *
[EPOCH 29] train_loss=0.6588 val_loss=0.7244 epoch_time=1.71s total=48.76s
[EPOCH 30] train_loss=0.6568 val_loss=0.7227 epoch_time=1.75s total=50.51s *
[EPOCH 31] train_loss=0.6544 val_loss=0.7240 epoch_time=1.72s total=52.23s
[EPOCH 32] train_loss=0.6473 val_loss=0.7285 epoch_time=1.71s total=53.94s
[EPOCH 33] train_loss=0.6484 val_loss=0.7255 epoch_time=1.76s total=55.70s
[EPOCH 34] train_loss=0.6419 val_loss=0.7239 epoch_time=1.68s total=57.38s
[EPOCH 35] train_loss=0.6344 val_loss=0.7260 epoch_time=1.50s total=58.88s
[EPOCH 36] train_loss=0.6310 val_loss=0.7213 epoch_time=1.50s total=60.38s *
[EPOCH 37] train_loss=0.6290 val_loss=0.7295 epoch_time=1.52s total=61.90s
[EPOCH 38] train_loss=0.6236 val_loss=0.7292 epoch_time=1.70s total=63.60s
[EPOCH 39] train_loss=0.6205 val_loss=0.7287 epoch_time=1.70s total=65.30s
[EPOCH 40] train_loss=0.6199 val_loss=0.7268 epoch_time=1.53s total=66.84s
[EPOCH 41] train_loss=0.6164 val_loss=0.7315 epoch_time=1.54s total=68.38s
[EPOCH 42] train_loss=0.6132 val_loss=0.7281 epoch_time=1.72s total=70.09s
[EPOCH 43] train_loss=0.6156 val_loss=0.7275 epoch_time=1.74s total=71.83s
[EPOCH 44] train_loss=0.6083 val_loss=0.7295 epoch_time=1.78s total=73.61s
[EPOCH 45] train_loss=0.6054 val_loss=0.7279 epoch_time=1.50s total=75.11s
[EPOCH 46] train_loss=0.6060 val_loss=0.7358 epoch_time=1.72s total=76.84s

[EARLY STOP] No val improvement for 10 epochs. Best epoch 36 (val_loss=0.7213).

[TRAINING] Completed in 76.84s (restored weights from epoch 36, val_loss=0.7213)
----------------------------------------
[SCORES] MLP - Encoder: SBERT
Accuracy:    0.8118
Macro F1:    0.3544
Weighted F1: 0.7955
----------------------------------------
